esptool v5.3.1
Serial port /dev/cu.usbmodem2101:
Note: Pre-connection option "no-reset" was selected. Connection may fail if the chip is not in bootloader or flasher stub mode.
Connecting...
Connected to ESP32-S3 on /dev/cu.usbmodem2101:
Chip type:          ESP32-S3 (QFN56) (revision v0.2)
Features:           Wi-Fi, BT 5 (LE), Dual Core + LP Core, 240MHz, Embedded PSRAM 8MB (AP_3v3)
Crystal frequency:  40MHz
USB mode:           USB-Serial/JTAG
MAC:                28:84:85:44:6b:10

Stub flasher is already running. No upload is necessary.
Changing baud rate to 460800...
Changed.

Security Information:
=====================
Flags: 0x00000000 (0b0)
Key Purposes: (0, 0, 0, 0, 0, 0, 12)
  BLOCK_KEY0 - USER/EMPTY
  BLOCK_KEY1 - USER/EMPTY
  BLOCK_KEY2 - USER/EMPTY
  BLOCK_KEY3 - USER/EMPTY
  BLOCK_KEY4 - USER/EMPTY
  BLOCK_KEY5 - USER/EMPTY
Chip ID: 9
API Version: 0
Secure Boot: Disabled
Flash Encryption: Disabled
SPI Boot Crypt Count (SPI_BOOT_CRYPT_CNT): 0x0

Staying in bootloader.
