Checking "python3" ...
Python 3.12.3
"python3" has been detected

Done! You can now compile ESP-IDF projects.
Go to the project directory and run:

  idf.py build
esptool v5.3.0
Image size: 3084288 bytes
Detected image type: ESP32-S3

ESP32-S3 Image Header
=====================
Image version: 1
Entry point: 0x40379ca8
Segments: 7
Flash size: 16MB
Flash freq: 80m
Flash mode: DIO

ESP32-S3 Extended Image Header
==============================
WP pin: 0xee (disabled)
Flash pins drive settings: clk_drv: 0x0, q_drv: 0x0, d_drv: 0x0, cs0_drv: 0x0, hd_drv: 0x0, wp_drv: 0x0
Chip ID: 9 (ESP32-S3)
Minimal chip revision: v0.0, (legacy min_rev = 0)
Maximal chip revision: v0.99

Segments Information
====================
Segment   Length   Load addr   File offs  Memory types
-------  -------  ----------  ----------  ------------
      0  0xdf110  0x3c200020  0x00000018  DROM
      1  0x00ee0  0x3fc9b200  0x000df130  BYTE_ACCESSIBLE, MEM_INTERNAL, DRAM
      2  0x1f3014  0x42000020  0x000e0018  IROM
      3  0x079dc  0x3fc9c0e0  0x002d3034  BYTE_ACCESSIBLE, MEM_INTERNAL, DRAM
      4  0x1310c  0x40378000  0x002daa18  MEM_INTERNAL, IRAM
      5  0x00024  0x50000000  0x002edb2c  RTC_DATA
      6  0x02470  0x00000000  0x002edb58  PADDING

ESP32-S3 Image Footer
=====================
Checksum: 0xa2 (valid)
Validation hash: 5ed39fc2129d4404707d528ae8e8a06779bca0469549a4e1264919bdce3eda23 (valid)

Application Information
=======================
Project name: xiaozhi
App version: 2.4.8
Compile time: Sep  8 2026 23:01:38
ELF file SHA256: b5a013453db2c2fb6c58c2c5432468ed335afd615eafb5ed5b7d929db559778a
ESP-IDF: v6.0.2
Minimal eFuse block revision: 0.0
Maximal eFuse block revision: 1.99
MMU page size: 64 KB
Secure version: 0
Activating ESP-IDF 6.0
Setting IDF_PATH to '/opt/esp/idf'.
* Checking python version ... 3.12.3
* Checking python dependencies ... OK
* Deactivating the current ESP-IDF environment (if any) ... OK
* Establishing a new ESP-IDF environment ... OK
* Identifying shell ... bash
* Detecting outdated tools in system ... OK - no outdated tools found
* Shell completion ... Autocompletion code generated
