esptool v5.3.1
Image size: 3084288 bytes
Detected image type: ESP32-S3

ESP32-S3 Image Header
=====================
Image version: 1
Entry point: 0x40379ca8
Segments: 7
Flash size: 16MB
Flash freq: 80m
Flash mode: DIO

ESP32-S3 Extended Image Header
==============================
WP pin: 0xee (disabled)
Flash pins drive settings: clk_drv: 0x0, q_drv: 0x0, d_drv: 0x0, cs0_drv: 0x0, hd_drv: 0x0, wp_drv: 0x0
Chip ID: 9 (ESP32-S3)
Minimal chip revision: v0.0, (legacy min_rev = 0)
Maximal chip revision: v0.99

Segments Information
====================
Segment   Length   Load addr   File offs  Memory types
-------  -------  ----------  ----------  ------------
      0  0xdf8bc  0x3c200020  0x00000018  DROM
      1  0x00734  0x3fc9b200  0x000df8dc  BYTE_ACCESSIBLE, MEM_INTERNAL, DRAM
      2  0x1f2364  0x42000020  0x000e0018  IROM
      3  0x08188  0x3fc9b934  0x002d2384  BYTE_ACCESSIBLE, MEM_INTERNAL, DRAM
      4  0x13160  0x40378000  0x002da514  MEM_INTERNAL, IRAM
      5  0x00024  0x50000000  0x002ed67c  RTC_DATA
      6  0x02920  0x00000000  0x002ed6a8  PADDING

ESP32-S3 Image Footer
=====================
Checksum: 0xb4 (valid)
Validation hash: c4f8cc97bcfa8a7f8f42de707d09046a23f865a50ce104748bb61e8fafb6d2f4 (valid)

Application Information
=======================
Project name: xiaozhi
App version: 2.4.8
Compile time: Sep  9 2026 19:45:19
ELF file SHA256: ae6916d7a8f15fd84dd89f064e525681768a93818fcac0f68f80df05492c503c
ESP-IDF: v6.0.2
Minimal eFuse block revision: 0.0
Maximal eFuse block revision: 1.99
MMU page size: 64 KB
Secure version: 0
