esptool v5.3.1
Image size: 3084288 bytes
Detected image type: ESP32-S3

ESP32-S3 Image Header
=====================
Image version: 1
Entry point: 0x40379ca8
Segments: 7
Flash size: 16MB
Flash freq: 80m
Flash mode: DIO

ESP32-S3 Extended Image Header
==============================
WP pin: 0xee (disabled)
Flash pins drive settings: clk_drv: 0x0, q_drv: 0x0, d_drv: 0x0, cs0_drv: 0x0, hd_drv: 0x0, wp_drv: 0x0
Chip ID: 9 (ESP32-S3)
Minimal chip revision: v0.0, (legacy min_rev = 0)
Maximal chip revision: v0.99

Segments Information
====================
Segment   Length   Load addr   File offs  Memory types
-------  -------  ----------  ----------  ------------
      0  0xdf584  0x3c200020  0x00000018  DROM
      1  0x00a6c  0x3fc9b200  0x000df5a4  BYTE_ACCESSIBLE, MEM_INTERNAL, DRAM
      2  0x1f1f38  0x42000020  0x000e0018  IROM
      3  0x07e50  0x3fc9bc6c  0x002d1f58  BYTE_ACCESSIBLE, MEM_INTERNAL, DRAM
      4  0x1310c  0x40378000  0x002d9db0  MEM_INTERNAL, IRAM
      5  0x00024  0x50000000  0x002ecec4  RTC_DATA
      6  0x030d8  0x00000000  0x002ecef0  PADDING

ESP32-S3 Image Footer
=====================
Checksum: 0x59 (valid)
Validation hash: ee42ce28cf780d7600829c9f4c7ce43899b80a011f07380a345dbfb475c9dcc1 (valid)

Application Information
=======================
Project name: xiaozhi
App version: 2.4.8
Compile time: Sep  9 2026 19:45:19
ELF file SHA256: 3c2344d450a3af076e9baaa5977411cccda0894dad404ede08748d1b4fe17bed
ESP-IDF: v6.0.2
Minimal eFuse block revision: 0.0
Maximal eFuse block revision: 1.99
MMU page size: 64 KB
Secure version: 0
