Checking "python3" ...
Python 3.12.3
"python3" has been detected
Activating ESP-IDF 6.0
Setting IDF_PATH to '/opt/esp/idf'.
* Checking python version ... 3.12.3
* Checking python dependencies ... OK
* Deactivating the current ESP-IDF environment (if any) ... OK
* Establishing a new ESP-IDF environment ... OK
* Identifying shell ... bash
* Detecting outdated tools in system ... OK - no outdated tools found
* Shell completion ... Autocompletion code generated

Done! You can now compile ESP-IDF projects.
Go to the project directory and run:

  idf.py build
espsecure v5.3.0
Signature block 0 is valid (RSA).
Signature block 0 verification successful using the supplied key (RSA).
Signature block 1 invalid. Skipping.
Signature block 2 invalid. Skipping.
